#-----------------------------------------------------------
# Webtalk v2020.2 (64-bit)
# SW Build 3064766 on Wed Nov 18 09:12:45 MST 2020
# IP Build 3064653 on Wed Nov 18 14:17:31 MST 2020
# Start of session at: Fri Mar  5 14:12:50 2021
# Process ID: 10324
# Current directory: C:/Users/Client/Desktop/matousek/Digital-electronics-1/Labs/03-vivado/mux_4-1_2bit/mux_4-1_2bit.sim/sim_1/behav/xsim
# Command line: wbtcv.exe -mode batch -source C:/Users/Client/Desktop/matousek/Digital-electronics-1/Labs/03-vivado/mux_4-1_2bit/mux_4-1_2bit.sim/sim_1/behav/xsim/xsim.dir/mux_2bit_4to1_behav/webtalk/xsim_webtalk.tcl -notrace
# Log file: C:/Users/Client/Desktop/matousek/Digital-electronics-1/Labs/03-vivado/mux_4-1_2bit/mux_4-1_2bit.sim/sim_1/behav/xsim/webtalk.log
# Journal file: C:/Users/Client/Desktop/matousek/Digital-electronics-1/Labs/03-vivado/mux_4-1_2bit/mux_4-1_2bit.sim/sim_1/behav/xsim\webtalk.jou
#-----------------------------------------------------------
source C:/Users/Client/Desktop/matousek/Digital-electronics-1/Labs/03-vivado/mux_4-1_2bit/mux_4-1_2bit.sim/sim_1/behav/xsim/xsim.dir/mux_2bit_4to1_behav/webtalk/xsim_webtalk.tcl -notrace
